python : [2026-04-13 00:04:18] INFO     - Initialized 
MainframeValidationService v2.0.0
At line:1 char:53
+ ... \backend" ; python test_mainframe_api_integration.py 2>&1 > test_outp ...
+                 ~~~~~~~~~~~~~~~~~~~~~~~~~~~~~~~~~~~~~~~~~~~~~~~~~~~~~~~~~
    + CategoryInfo          : NotSpecified: ([2026-04-13 00:...nService v2.0.0 
   :String) [], RemoteException
    + FullyQualifiedErrorId : NativeCommandError
 
[2026-04-13 00:04:18] INFO     - 
======================================================================
[2026-04-13 00:04:18] INFO     - MAINFRAME VALIDATION JOB STARTED
[2026-04-13 00:04:18] INFO     - 
======================================================================
[2026-04-13 00:04:18] INFO     - Job ID: a9752530-7c02-41aa-8e04-befe8929499e
[2026-04-13 00:04:18] INFO     - File Path: sample_banking.csv
[2026-04-13 00:04:18] INFO     - Domain: banking
[2026-04-13 00:04:18] INFO     - Start Time: 2026-04-13T00:04:18.341394
[2026-04-13 00:04:18] INFO     - Step 1: Validating input parameters...
[2026-04-13 00:04:18] INFO     - [OK] Input validation passed
[2026-04-13 00:04:18] INFO     - Step 2: Reading validation data...
[2026-04-13 00:04:18] INFO     - [OK] Read 20 records from file
[2026-04-13 00:04:18] INFO     - Step 3: Submitting to message queue...
[2026-04-13 00:04:18] INFO     - [OK] Message queued (ID: 
a010251c-2d05-4f7f-b6bf-3d94b7653d0f)
[2026-04-13 00:04:18] INFO     - Step 4: Executing COBOL validation program...
[2026-04-13 00:04:18] INFO     - Simulating COBOL program execution...
[2026-04-13 00:04:18] INFO     - Simulating batch processing (delay: 1.00s for 
20 records)...
[2026-04-13 00:04:19] INFO     - \u2713 COBOL program execution completed
--- Logging error ---
Traceback (most recent call last):
  File "C:\Program Files\WindowsApps\PythonSoftwareFoundation.Python.3.11_3.11.
2544.0_x64__qbz5n2kfra8p0\Lib\logging\__init__.py", line 1113, in emit
    stream.write(msg + self.terminator)
  File "C:\Program Files\WindowsApps\PythonSoftwareFoundation.Python.3.11_3.11.
2544.0_x64__qbz5n2kfra8p0\Lib\encodings\cp1252.py", line 19, in encode
    return codecs.charmap_encode(input,self.errors,encoding_table)[0]
           ^^^^^^^^^^^^^^^^^^^^^^^^^^^^^^^^^^^^^^^^^^^^^^^^^^^^^^^
UnicodeEncodeError: 'charmap' codec can't encode character '\u2713' in 
position 33: character maps to <undefined>
Call stack:
  File "D:\New folder 
(4)\AI-DATA-VALIDATION\backend\test_mainframe_api_integration.py", line 299, 
in <module>
    test_mainframe_validation_service()
  File "D:\New folder 
(4)\AI-DATA-VALIDATION\backend\test_mainframe_api_integration.py", line 53, in 
test_mainframe_validation_service
    result = service.run_mainframe_validation(str(sample_file), 'banking')
  File "D:\New folder 
(4)\AI-DATA-VALIDATION\backend\services\mainframe_integration.py", line 210, 
in run_mainframe_validation
    execution_result = self._execute_cobol_program(
  File "D:\New folder 
(4)\AI-DATA-VALIDATION\backend\services\mainframe_integration.py", line 431, 
in _execute_cobol_program
    self.logger.info("\u2713 COBOL program execution completed")
Message: '\u2713 COBOL program execution completed'
Arguments: ()
[2026-04-13 00:04:19] INFO     - [OK] COBOL execution completed (Return Code: 
0)
[2026-04-13 00:04:19] INFO     - Step 5: Processing results...
[2026-04-13 00:04:19] INFO     - [OK] Results processed successfully
[2026-04-13 00:04:19] INFO     - Final Status: success
[2026-04-13 00:04:19] INFO     - Records Processed: 20
[2026-04-13 00:04:19] INFO     - Execution Time: 1063ms
[2026-04-13 00:04:19] INFO     - 
======================================================================
[2026-04-13 00:04:19] INFO     - MAINFRAME VALIDATION JOB COMPLETED
[2026-04-13 00:04:19] INFO     - 
======================================================================
Traceback (most recent call last):
  File "D:\New folder 
(4)\AI-DATA-VALIDATION\backend\test_mainframe_api_integration.py", line 304, 
in <module>
    show_api_integration_example()
  File "D:\New folder 
(4)\AI-DATA-VALIDATION\backend\test_mainframe_api_integration.py", line 182, 
in show_api_integration_example
    print("""
  File "C:\Program Files\WindowsApps\PythonSoftwareFoundation.Python.3.11_3.11.
2544.0_x64__qbz5n2kfra8p0\Lib\encodings\cp1252.py", line 19, in encode
    return codecs.charmap_encode(input,self.errors,encoding_table)[0]
           ^^^^^^^^^^^^^^^^^^^^^^^^^^^^^^^^^^^^^^^^^^^^^^^^^^^^^^^
UnicodeEncodeError: 'charmap' codec can't encode character '\u2713' in 
position 2: character maps to <undefined>

======================================================================
MAINFRAME INTEGRATION - TEST & DEMO
======================================================================

======================================================================
TEST: Mainframe Validation Service
======================================================================

Service Information:
  service: MainframeValidationService
  version: 2.0.0
  queue_name: VALIDATION.QUEUE
  cobol_program: VALIDATE
  supported_domains: banking, healthcare, ecommerce
  queue_size: 0
  jobs_processed: 0

Found sample file: sample_banking.csv
Testing mainframe validation...


Validation Result:
{
  "status": "success",
  "message": "Validation completed for 20 records",
  "processed_records": 20,
  "valid_records": 19,
  "invalid_records": 1,
  "errors": [],
  "job_id": "a9752530-7c02-41aa-8e04-befe8929499e",
  "execution_time_ms": 1063,
  "mainframe_status": "Return Code: 0",
  "timestamp": "2026-04-13T00:04:19.404221"
}

----------------------------------------------------------------------
Response Format Validation:
----------------------------------------------------------------------
Error running test: 'charmap' codec can't encode character '\u2713' in position 2: character maps to <undefined>

======================================================================
API INTEGRATION EXAMPLE
======================================================================

When a user uploads a file via POST /upload:

1. REQUEST:
----------------------------------------------------------------------

curl -X POST http://localhost:5000/upload \
  -F "file=@banking_data.csv" \
  -F "domain=banking"
    

2. BACKEND PROCESSING:
----------------------------------------------------------------------

Step 1: File validation (extension, size, etc.)
Step 2: File saved to uploads/ folder
Step 3: Python validation (existing service)
Step 4: Mainframe validation (NEW - our integration)
    a) Create MainframeValidationService()
    b) Call run_mainframe_validation(file_path, domain)
    c) Executes COBOL simulation with:
       - File reading
       - Queue submission
       - COBOL execution (1-5s delay)
       - Result processing
Step 5: Store Python result in database
Step 6: Assemble combined response
    

3. RESPONSE (200 OK):
----------------------------------------------------------------------
{
  "record_id": 1,
  "stored": true,
  "timestamp": "2026-04-13T10:30:45.123456",
  "total_records": 1000,
  "valid_records": 950,
  "invalid_records": 50,
  "validation_errors": [],
  "mainframe_processing": {
    "attempted": true,
    "result": {
      "status": "success",
      "message": "Validation completed",
      "processed_records": 950,
      "valid_records": 950,
      "invalid_records": 50,
      "errors": [],
      "job_id": "a1b2c3d4-e5f6-7890-abcd-ef1234567890",
      "execution_time_ms": 2500,
      "mainframe_status": "Return Code: 0",
      "timestamp": "2026-04-13T10:30:48.654321"
    },
    "error": null
  }
}

4. KEY FEATURES:
----------------------------------------------------------------------
